// Jest Snapshot v1, https://goo.gl/fbAQLP

exports[`v2/view-builder/views/CaptchaView view renders forgot password link correctly with mutiple IDPs: With Multiple IDPs 1`] = `
<div
  class="siw-main-view "
>
  <div
    class="siw-main-header"
  >
    <div />
  </div>
  <div
    class="siw-main-body"
  >
    <form
      action="/"
      class="ion-form o-form o-form-edit-mode"
      data-se="o-form"
      id="form1"
      method="POST"
      slot="content"
    >
      <div
        class="o-form-content o-form-theme clearfix"
        data-se="o-form-content"
      >
        <h2
          class="okta-form-title o-form-head"
          data-se="o-form-head"
        >
          Sign In
        </h2>
        <div
          class="o-form-error-container"
          data-se="o-form-error-container"
        />
        <div
          class="o-form-fieldset-container"
          data-se="o-form-fieldset-container"
        >
          <div
            class="sign-in-with-device-option"
          >
            <div
              class="okta-verify-container"
            >
              <a
                class="button link-button link-button-icon"
                data-se="button"
                href="#"
              >
                <span
                  class="icon okta-verify-authenticator"
                />
                Sign in using Okta Verify on this device
              </a>
            </div>
            <div
              class="separation-line"
            >
              <span>
                or
              </span>
            </div>
          </div>
        </div>
      </div>
      <div
        class="o-form-button-bar"
      >
        <input
          class="button button-primary"
          data-type="save"
          type="submit"
          value="Next"
        />
        <div
          class="links-container"
        >
          <a
            class="link js-forgot-password"
            data-se="forgot-password"
            href="#"
          >
            Forgot password?
          </a>
        </div>
        <div
          class="sign-in-with-idp"
        >
          <div
            class="separation-line"
          >
            <span>
              OR
            </span>
          </div>
          <div
            class="okta-idps-container"
          >
            <a
              class="social-auth-button social-auth-google-button link-button"
              data-se="social-auth-google-button"
              href="http://localhost:3000/sso/idps/google-123?stateToken=eyJ6aXAiOiJERUYiLCJhbGlhcyI6ImVuY3J5cHRpb25rZXkiLCJ2ZXIiOiIxIiwib2lkIjoiMDBvczI0VHZiWHlqOVFLSm4wZzMiLCJlbmMiOiJBMjU2R0NNIiwiYWxnIjoiZGlyIn0..aDi6JnIZwCRzk7RN.xQ1R9jj43bV5S17F1juzgTZGd9Gq7VvuE4Hc1V_tMVcTWiVQ1Ntim1tQPZtmnpfOifu-N_quGGDSdgiidb_2xU1m9SbDMJhV-Yp6E07tABwjaRd_ekuRzDFw7Jxknz33LtSwQOTQ-WiH2o6JikLiEz2BQbgoizIc2izbtdod7HJg0HVnMZ9ZlBqyBG1-EISI_xPypq8uzP8n79hP_Zz41RI7VJA35yfTuNLOX_k6B-mfeVKf4HyFsKm62XWQgcPIxhjxBMqmyZow2toNclV3sIqgw7I5tKCLQSmSnKbFxxuT4-G31BdaVOALAe9Z89zlluTYaKAPOr86RMsqaGKnQFaplc_0PiPbreKhVgvSeeJgqX2RwnLgckLLiRo7TRDs2kLhGY2ope0AeA9TSsTVdJzsScftZWKgh9iHpXjS-kGcbRx0etu4iTtbHOu3rDIfIcvvt55mfvA66wzy1CCxHt4WYNnBKHX0fIOW_fa_-RYGYug9YRV5G6nQ6V-CfHoxmEsMhsoFJu0hei34_SJv15w2l3vxxBytrWSWi5qUfm5zGjNlx8e9n1Sf_eAqXCfLhBLK4_14jwtjNbWOZCdg5dwzxQiQWDItBjijEjdQrK0i6tw2Rp-IMJD1-4_ZfFZDmAXgZZtBYc3kdmumgYpKeYUJJgw0ZJWoG-Xr0bbzGGMx46yHzMpDbSTpiWhKGytQPbNja8sf_eeOKx_AAosamDUub9yuZJb0-Nj0xvXZ89J0m_09wa2Z3G-zY01sv9ONkXMFzRVwAb2bHmGle082bq33-7Klk7_ZzzkBROJhgDHQcw5QibGWaqYqscgKv2NQV8ebGJO_BHU46p1T3MQzStxRZ2EZua9qQwsmL8P5yboNDt2YmYnUvaOcGfeAqwgovqNDQ0H4u-D5psFmiU1STLOlN5pSAauKe4VxlLxphiirrmiNOOOW0XTwaQ1vtPz8gFlXsmGB-0zcsySG6A6HJ49eOeEI0J2REy2dlFRxzdKthANM2xFc_AIgas9mcNhSWtmVEtMxv7N0xqGAJbxaJC6U4kDDXdImZVaovz4lgRFkIh3aUXgUMX558u9MBeF6Q7z3piIpT6A4I1ww_eDNM02Vew.inRUXNhsc6Evt7GAb8DPAA"
            >
              Sign in with Google
            </a>
            <a
              class="social-auth-button social-auth-facebook-button link-button"
              data-se="social-auth-facebook-button"
              href="http://localhost:3000/sso/idps/facebook-123?stateToken=eyJ6aXAiOiJERUYiLCJhbGlhcyI6ImVuY3J5cHRpb25rZXkiLCJ2ZXIiOiIxIiwib2lkIjoiMDBvczI0VHZiWHlqOVFLSm4wZzMiLCJlbmMiOiJBMjU2R0NNIiwiYWxnIjoiZGlyIn0..aDi6JnIZwCRzk7RN.xQ1R9jj43bV5S17F1juzgTZGd9Gq7VvuE4Hc1V_tMVcTWiVQ1Ntim1tQPZtmnpfOifu-N_quGGDSdgiidb_2xU1m9SbDMJhV-Yp6E07tABwjaRd_ekuRzDFw7Jxknz33LtSwQOTQ-WiH2o6JikLiEz2BQbgoizIc2izbtdod7HJg0HVnMZ9ZlBqyBG1-EISI_xPypq8uzP8n79hP_Zz41RI7VJA35yfTuNLOX_k6B-mfeVKf4HyFsKm62XWQgcPIxhjxBMqmyZow2toNclV3sIqgw7I5tKCLQSmSnKbFxxuT4-G31BdaVOALAe9Z89zlluTYaKAPOr86RMsqaGKnQFaplc_0PiPbreKhVgvSeeJgqX2RwnLgckLLiRo7TRDs2kLhGY2ope0AeA9TSsTVdJzsScftZWKgh9iHpXjS-kGcbRx0etu4iTtbHOu3rDIfIcvvt55mfvA66wzy1CCxHt4WYNnBKHX0fIOW_fa_-RYGYug9YRV5G6nQ6V-CfHoxmEsMhsoFJu0hei34_SJv15w2l3vxxBytrWSWi5qUfm5zGjNlx8e9n1Sf_eAqXCfLhBLK4_14jwtjNbWOZCdg5dwzxQiQWDItBjijEjdQrK0i6tw2Rp-IMJD1-4_ZfFZDmAXgZZtBYc3kdmumgYpKeYUJJgw0ZJWoG-Xr0bbzGGMx46yHzMpDbSTpiWhKGytQPbNja8sf_eeOKx_AAosamDUub9yuZJb0-Nj0xvXZ89J0m_09wa2Z3G-zY01sv9ONkXMFzRVwAb2bHmGle082bq33-7Klk7_ZzzkBROJhgDHQcw5QibGWaqYqscgKv2NQV8ebGJO_BHU46p1T3MQzStxRZ2EZua9qQwsmL8P5yboNDt2YmYnUvaOcGfeAqwgovqNDQ0H4u-D5psFmiU1STLOlN5pSAauKe4VxlLxphiirrmiNOOOW0XTwaQ1vtPz8gFlXsmGB-0zcsySG6A6HJ49eOeEI0J2REy2dlFRxzdKthANM2xFc_AIgas9mcNhSWtmVEtMxv7N0xqGAJbxaJC6U4kDDXdImZVaovz4lgRFkIh3aUXgUMX558u9MBeF6Q7z3piIpT6A4I1ww_eDNM02Vew.inRUXNhsc6Evt7GAb8DPAA"
            >
              Sign in with Facebook
            </a>
            <a
              class="social-auth-button social-auth-linkedin-button link-button"
              data-se="social-auth-linkedin-button"
              href="http://localhost:3000/sso/idps/linkedin-123?stateToken=eyJ6aXAiOiJERUYiLCJhbGlhcyI6ImVuY3J5cHRpb25rZXkiLCJ2ZXIiOiIxIiwib2lkIjoiMDBvczI0VHZiWHlqOVFLSm4wZzMiLCJlbmMiOiJBMjU2R0NNIiwiYWxnIjoiZGlyIn0..aDi6JnIZwCRzk7RN.xQ1R9jj43bV5S17F1juzgTZGd9Gq7VvuE4Hc1V_tMVcTWiVQ1Ntim1tQPZtmnpfOifu-N_quGGDSdgiidb_2xU1m9SbDMJhV-Yp6E07tABwjaRd_ekuRzDFw7Jxknz33LtSwQOTQ-WiH2o6JikLiEz2BQbgoizIc2izbtdod7HJg0HVnMZ9ZlBqyBG1-EISI_xPypq8uzP8n79hP_Zz41RI7VJA35yfTuNLOX_k6B-mfeVKf4HyFsKm62XWQgcPIxhjxBMqmyZow2toNclV3sIqgw7I5tKCLQSmSnKbFxxuT4-G31BdaVOALAe9Z89zlluTYaKAPOr86RMsqaGKnQFaplc_0PiPbreKhVgvSeeJgqX2RwnLgckLLiRo7TRDs2kLhGY2ope0AeA9TSsTVdJzsScftZWKgh9iHpXjS-kGcbRx0etu4iTtbHOu3rDIfIcvvt55mfvA66wzy1CCxHt4WYNnBKHX0fIOW_fa_-RYGYug9YRV5G6nQ6V-CfHoxmEsMhsoFJu0hei34_SJv15w2l3vxxBytrWSWi5qUfm5zGjNlx8e9n1Sf_eAqXCfLhBLK4_14jwtjNbWOZCdg5dwzxQiQWDItBjijEjdQrK0i6tw2Rp-IMJD1-4_ZfFZDmAXgZZtBYc3kdmumgYpKeYUJJgw0ZJWoG-Xr0bbzGGMx46yHzMpDbSTpiWhKGytQPbNja8sf_eeOKx_AAosamDUub9yuZJb0-Nj0xvXZ89J0m_09wa2Z3G-zY01sv9ONkXMFzRVwAb2bHmGle082bq33-7Klk7_ZzzkBROJhgDHQcw5QibGWaqYqscgKv2NQV8ebGJO_BHU46p1T3MQzStxRZ2EZua9qQwsmL8P5yboNDt2YmYnUvaOcGfeAqwgovqNDQ0H4u-D5psFmiU1STLOlN5pSAauKe4VxlLxphiirrmiNOOOW0XTwaQ1vtPz8gFlXsmGB-0zcsySG6A6HJ49eOeEI0J2REy2dlFRxzdKthANM2xFc_AIgas9mcNhSWtmVEtMxv7N0xqGAJbxaJC6U4kDDXdImZVaovz4lgRFkIh3aUXgUMX558u9MBeF6Q7z3piIpT6A4I1ww_eDNM02Vew.inRUXNhsc6Evt7GAb8DPAA"
            >
              Sign in with LinkedIn
            </a>
            <a
              class="social-auth-button social-auth-microsoft-button link-button"
              data-se="social-auth-microsoft-button"
              href="http://localhost:3000/sso/idps/microsoft-123?stateToken=eyJ6aXAiOiJERUYiLCJhbGlhcyI6ImVuY3J5cHRpb25rZXkiLCJ2ZXIiOiIxIiwib2lkIjoiMDBvczI0VHZiWHlqOVFLSm4wZzMiLCJlbmMiOiJBMjU2R0NNIiwiYWxnIjoiZGlyIn0..aDi6JnIZwCRzk7RN.xQ1R9jj43bV5S17F1juzgTZGd9Gq7VvuE4Hc1V_tMVcTWiVQ1Ntim1tQPZtmnpfOifu-N_quGGDSdgiidb_2xU1m9SbDMJhV-Yp6E07tABwjaRd_ekuRzDFw7Jxknz33LtSwQOTQ-WiH2o6JikLiEz2BQbgoizIc2izbtdod7HJg0HVnMZ9ZlBqyBG1-EISI_xPypq8uzP8n79hP_Zz41RI7VJA35yfTuNLOX_k6B-mfeVKf4HyFsKm62XWQgcPIxhjxBMqmyZow2toNclV3sIqgw7I5tKCLQSmSnKbFxxuT4-G31BdaVOALAe9Z89zlluTYaKAPOr86RMsqaGKnQFaplc_0PiPbreKhVgvSeeJgqX2RwnLgckLLiRo7TRDs2kLhGY2ope0AeA9TSsTVdJzsScftZWKgh9iHpXjS-kGcbRx0etu4iTtbHOu3rDIfIcvvt55mfvA66wzy1CCxHt4WYNnBKHX0fIOW_fa_-RYGYug9YRV5G6nQ6V-CfHoxmEsMhsoFJu0hei34_SJv15w2l3vxxBytrWSWi5qUfm5zGjNlx8e9n1Sf_eAqXCfLhBLK4_14jwtjNbWOZCdg5dwzxQiQWDItBjijEjdQrK0i6tw2Rp-IMJD1-4_ZfFZDmAXgZZtBYc3kdmumgYpKeYUJJgw0ZJWoG-Xr0bbzGGMx46yHzMpDbSTpiWhKGytQPbNja8sf_eeOKx_AAosamDUub9yuZJb0-Nj0xvXZ89J0m_09wa2Z3G-zY01sv9ONkXMFzRVwAb2bHmGle082bq33-7Klk7_ZzzkBROJhgDHQcw5QibGWaqYqscgKv2NQV8ebGJO_BHU46p1T3MQzStxRZ2EZua9qQwsmL8P5yboNDt2YmYnUvaOcGfeAqwgovqNDQ0H4u-D5psFmiU1STLOlN5pSAauKe4VxlLxphiirrmiNOOOW0XTwaQ1vtPz8gFlXsmGB-0zcsySG6A6HJ49eOeEI0J2REy2dlFRxzdKthANM2xFc_AIgas9mcNhSWtmVEtMxv7N0xqGAJbxaJC6U4kDDXdImZVaovz4lgRFkIh3aUXgUMX558u9MBeF6Q7z3piIpT6A4I1ww_eDNM02Vew.inRUXNhsc6Evt7GAb8DPAA"
            >
              Sign in with Microsoft
            </a>
            <a
              class="social-auth-button social-auth-apple-button link-button"
              data-se="social-auth-apple-button"
              href="http://localhost:3000/sso/idps/apple-123?stateToken=eyJ6aXAiOiJERUYiLCJhbGlhcyI6ImVuY3J5cHRpb25rZXkiLCJ2ZXIiOiIxIiwib2lkIjoiMDBvczI0VHZiWHlqOVFLSm4wZzMiLCJlbmMiOiJBMjU2R0NNIiwiYWxnIjoiZGlyIn0..aDi6JnIZwCRzk7RN.xQ1R9jj43bV5S17F1juzgTZGd9Gq7VvuE4Hc1V_tMVcTWiVQ1Ntim1tQPZtmnpfOifu-N_quGGDSdgiidb_2xU1m9SbDMJhV-Yp6E07tABwjaRd_ekuRzDFw7Jxknz33LtSwQOTQ-WiH2o6JikLiEz2BQbgoizIc2izbtdod7HJg0HVnMZ9ZlBqyBG1-EISI_xPypq8uzP8n79hP_Zz41RI7VJA35yfTuNLOX_k6B-mfeVKf4HyFsKm62XWQgcPIxhjxBMqmyZow2toNclV3sIqgw7I5tKCLQSmSnKbFxxuT4-G31BdaVOALAe9Z89zlluTYaKAPOr86RMsqaGKnQFaplc_0PiPbreKhVgvSeeJgqX2RwnLgckLLiRo7TRDs2kLhGY2ope0AeA9TSsTVdJzsScftZWKgh9iHpXjS-kGcbRx0etu4iTtbHOu3rDIfIcvvt55mfvA66wzy1CCxHt4WYNnBKHX0fIOW_fa_-RYGYug9YRV5G6nQ6V-CfHoxmEsMhsoFJu0hei34_SJv15w2l3vxxBytrWSWi5qUfm5zGjNlx8e9n1Sf_eAqXCfLhBLK4_14jwtjNbWOZCdg5dwzxQiQWDItBjijEjdQrK0i6tw2Rp-IMJD1-4_ZfFZDmAXgZZtBYc3kdmumgYpKeYUJJgw0ZJWoG-Xr0bbzGGMx46yHzMpDbSTpiWhKGytQPbNja8sf_eeOKx_AAosamDUub9yuZJb0-Nj0xvXZ89J0m_09wa2Z3G-zY01sv9ONkXMFzRVwAb2bHmGle082bq33-7Klk7_ZzzkBROJhgDHQcw5QibGWaqYqscgKv2NQV8ebGJO_BHU46p1T3MQzStxRZ2EZua9qQwsmL8P5yboNDt2YmYnUvaOcGfeAqwgovqNDQ0H4u-D5psFmiU1STLOlN5pSAauKe4VxlLxphiirrmiNOOOW0XTwaQ1vtPz8gFlXsmGB-0zcsySG6A6HJ49eOeEI0J2REy2dlFRxzdKthANM2xFc_AIgas9mcNhSWtmVEtMxv7N0xqGAJbxaJC6U4kDDXdImZVaovz4lgRFkIh3aUXgUMX558u9MBeF6Q7z3piIpT6A4I1ww_eDNM02Vew.inRUXNhsc6Evt7GAb8DPAA"
            >
              Sign in with Apple
            </a>
          </div>
        </div>
      </div>
    </form>
  </div>
  <div
    class="siw-main-footer"
  >
    <div
      class="auth-footer"
    >
      <a
        class="link js-unlock"
        data-se="unlock"
        href="#"
      >
        Unlock account?
      </a>
      <a
        class="link js-enroll"
        data-se="enroll"
        href="#"
      >
        Sign up
      </a>
      <a
        class="link js-help"
        data-se="help"
        href="http://localhost:3000/help/login"
      >
        Help
      </a>
    </div>
  </div>
</div>
`;

exports[`v2/view-builder/views/CaptchaView view renders forgot password link correctly with no IDPs: With Multiple IDPs 1`] = `
<div
  class="siw-main-view "
>
  <div
    class="siw-main-header"
  >
    <div />
  </div>
  <div
    class="siw-main-body"
  >
    <form
      action="/"
      class="ion-form o-form o-form-edit-mode"
      data-se="o-form"
      id="form2"
      method="POST"
      slot="content"
    >
      <div
        class="o-form-content o-form-theme clearfix"
        data-se="o-form-content"
      >
        <h2
          class="okta-form-title o-form-head"
          data-se="o-form-head"
        >
          Sign In
        </h2>
        <div
          class="o-form-error-container"
          data-se="o-form-error-container"
        />
        <div
          class="o-form-fieldset-container"
          data-se="o-form-fieldset-container"
        >
          <div
            class="sign-in-with-device-option"
          >
            <div
              class="okta-verify-container"
            >
              <a
                class="button link-button link-button-icon"
                data-se="button"
                href="#"
              >
                <span
                  class="icon okta-verify-authenticator"
                />
                Sign in using Okta Verify on this device
              </a>
            </div>
            <div
              class="separation-line"
            >
              <span>
                or
              </span>
            </div>
          </div>
        </div>
      </div>
      <div
        class="o-form-button-bar"
      >
        <input
          class="button button-primary"
          data-type="save"
          type="submit"
          value="Next"
        />
      </div>
    </form>
  </div>
  <div
    class="siw-main-footer"
  >
    <div
      class="auth-footer"
    >
      <a
        class="link js-forgot-password"
        data-se="forgot-password"
        href="#"
      >
        Forgot password?
      </a>
      <a
        class="link js-unlock"
        data-se="unlock"
        href="#"
      >
        Unlock account?
      </a>
      <a
        class="link js-enroll"
        data-se="enroll"
        href="#"
      >
        Sign up
      </a>
      <a
        class="link js-help"
        data-se="help"
        href="http://localhost:3000/help/login"
      >
        Help
      </a>
    </div>
  </div>
</div>
`;
