// Jest Snapshot v1, https://goo.gl/fbAQLP

exports[`authenticator-enroll-security-question should render form 1`] = `
<div>
  <span>
    <main
      class="ods-4o5zYQ ods-76eppy ods-66Tc65 ods-6lar65 ods-2oc5SK ods-4XAbls ods-2NLKpK ods-1ll9ky ods-4IdjLs auth-container main-container mainViewContainer"
    >
      <div
        class="ods-4o5zYQ ods-2Se4oq ods-2VFzyK ods-1qUaxm ods-1oujX1 ods-78Q1Pv ods-3x5mmc ods-7mcS6o ods-7lpPkQ ods-2oc5SK ods-4XAbls ods-2NLKpK ods-1ll9ky ods-4IdjLs siwContainer"
      >
        <div
          class="okta-sign-in-header auth-header siwHeader authCoinSpacing"
        >
          <h1
            class="ods-4o5zYQ ods-2NLKpK ods-5ZKJUt"
          />
          <div
            class="ods-4o5zYQ ods-2oc5SK ods-4XAbls ods-2NLKpK ods-1ll9ky ods-4IdjLs iconContainer authCoinOverlay"
          >
            <mocksvgicon />
          </div>
        </div>
        <div
          class="ods-4o5zYQ ods-76eppy ods-2Se4oq ods-7kea9D ods-2famef ods-1qUaxm ods-1oujX1 ods-2i2wfv ods-2oc5SK ods-4XAbls ods-2NLKpK ods-1ll9ky ods-4IdjLs"
        >
          <div
            class="ods-4o5zYQ ods-76eppy ods-66Tc65 ods-6lar65 ods-1OsrNt ods-2oc5SK ods-4XAbls ods-2NLKpK ods-1ll9ky ods-4IdjLs identifier-container"
          >
            <div
              class="ods-4o5zYQ ods-aC3Yei ods-2VFzyK ods-aqyCl6 ods-3kEpst ods-IB8Drx ods-ET3J6o ods-3PJtSR ods-2oc5SK ods-4XAbls ods-2NLKpK ods-1ll9ky ods-4IdjLs identifierContainer"
            >
              <span
                class="ods-4o5zYQ ods-2oc5SK ods-4XAbls ods-2NLKpK ods-1ll9ky ods-4IdjLs userIconContainer"
              >
                <svg
                  class="ods-2icygl"
                  fill="none"
                  role="presentation"
                  viewBox="0 0 16 16"
                  xmlns="http://www.w3.org/2000/svg"
                >
                  <path
                    clip-rule="evenodd"
                    d="M10 3V5C10 6.10457 9.10457 7 8 7C6.89543 7 6 6.10457 6 5V3C6 1.89543 6.89543 1 8 1C9.10457 1 10 1.89543 10 3ZM5 3C5 1.34315 6.34315 0 8 0C9.65685 0 11 1.34315 11 3V5C11 6.65685 9.65685 8 8 8C6.34315 8 5 6.65685 5 5V3ZM4.1305 10.0742C4.26803 10.0181 4.459 10 5.41376 10H10.5862C11.541 10 11.732 10.0181 11.8695 10.0742C12.0299 10.1398 12.1706 10.2459 12.2777 10.3821C12.3695 10.4989 12.4393 10.6776 12.7016 11.5956L13.6743 15H2.32573L3.29841 11.5956C3.5607 10.6776 3.63054 10.4989 3.72233 10.3821C3.82941 10.2459 3.97006 10.1398 4.1305 10.0742ZM13.6631 11.3209L14.7143 15L15 16H13.96H2.04002H1L1.28571 15L2.33689 11.3209C2.57458 10.489 2.69343 10.073 2.93606 9.76423C3.15022 9.49171 3.43152 9.27953 3.75239 9.14848C4.11592 9 4.54854 9 5.41376 9H10.5862C11.4515 9 11.8841 9 12.2476 9.14848C12.5685 9.27953 12.8498 9.49171 13.0639 9.76423C13.3066 10.073 13.4254 10.489 13.6631 11.3209Z"
                    fill="currentColor"
                    fill-rule="evenodd"
                  />
                </svg>
              </span>
              <span
                class="ods-4o5zYQ ods-2oc5SK ods-4XAbls ods-2NLKpK ods-1ll9ky ods-4IdjLs identifier identifierSpan"
                data-se="identifier"
              >
                tester14@test.com
              </span>
            </div>
          </div>
          <form
            novalidate=""
          >
            <div
              class="ods-4o5zYQ ods-76eppy ods-2Se4oq ods-2oc5SK ods-4XAbls ods-2NLKpK ods-1ll9ky ods-4IdjLs"
            >
              <div
                class="ods-4o5zYQ ods-1OsrNt ods-2oc5SK ods-4XAbls ods-2NLKpK ods-1ll9ky ods-4IdjLs"
              >
                <div
                  class="ods-4o5zYQ ods-76eppy ods-2famef ods-2oc5SK ods-4XAbls ods-2NLKpK ods-1ll9ky ods-4IdjLs"
                >
                  <h2
                    class="ods-4o5zYQ ods-2NLKpK ods-5ZKJUt ods-4vLZvh"
                  >
                    Set up security question
                  </h2>
                </div>
              </div>
              <div
                class="ods-4o5zYQ ods-1OsrNt ods-2oc5SK ods-4XAbls ods-2NLKpK ods-1ll9ky ods-4IdjLs"
              >
                <fieldset
                  class="ods-4o5zYQ ods-76eppy ods-2Se4oq ods-2oc5SK ods-4XAbls ods-2NLKpK ods-1ll9ky ods-4IdjLs ods-4zKnH2 ods-6uQyQM"
                >
                  <legend
                    class="ods-4o5zYQ ods-76eppy ods-5VQ9Rl ods-7KS5Kt ods-2oc5SK ods-4XAbls ods-2NLKpK ods-1ll9ky ods-4IdjLs ods-g8inGu"
                    htmlfor="questionType"
                  >
                    <span
                      class="ods-4o5zYQ ods-nqMobL ods-5fvoER ods-6rDd3P ods-7KlglL ods-6MIfC2 ods-14pjkk ods-5IIKpe ods-6iOjmZ"
                    >
                      
                    </span>
                  </legend>
                  <div
                    class="ods-4o5zYQ ods-15myrS ods-2oc5SK ods-4XAbls ods-2NLKpK ods-1ll9ky ods-4IdjLs ods-7tvTLl"
                  >
                    <input
                      aria-describedby="questionType-error"
                      class="ods-4B2VQs"
                      id="generated"
                      name="questionType"
                      type="radio"
                      value="predefined"
                    />
                    <label
                      class="ods-5OMySi"
                      for="generated"
                    >
                      Choose a security question
                    </label>
                  </div>
                  <div
                    class="ods-4o5zYQ ods-15myrS ods-2oc5SK ods-4XAbls ods-2NLKpK ods-1ll9ky ods-4IdjLs ods-7tvTLl"
                  >
                    <input
                      aria-describedby="questionType-error"
                      class="ods-4B2VQs"
                      id="generated"
                      name="questionType"
                      type="radio"
                      value="custom"
                    />
                    <label
                      class="ods-5OMySi"
                      for="generated"
                    >
                      Create my own security question
                    </label>
                  </div>
                </fieldset>
              </div>
              <div
                class="ods-4o5zYQ ods-76eppy ods-2Se4oq ods-2oc5SK ods-4XAbls ods-2NLKpK ods-1ll9ky ods-4IdjLs"
              >
                <div
                  class="ods-4o5zYQ ods-1OsrNt ods-2oc5SK ods-4XAbls ods-2NLKpK ods-1ll9ky ods-4IdjLs"
                >
                  <div
                    class="ods-4o5zYQ ods-2oc5SK ods-4XAbls ods-2NLKpK ods-1ll9ky ods-4IdjLs"
                  >
                    <div
                      class="ods-4o5zYQ ods-76eppy ods-2Se4oq ods-2oc5SK ods-4XAbls ods-2NLKpK ods-1ll9ky ods-4IdjLs ods-4zKnH2"
                    >
                      <label
                        class="ods-4o5zYQ ods-76eppy ods-5VQ9Rl ods-7KS5Kt ods-2oc5SK ods-4XAbls ods-2NLKpK ods-1ll9ky ods-4IdjLs ods-g8inGu"
                        for="generated"
                      >
                        <span
                          class="ods-4o5zYQ ods-nqMobL ods-5fvoER ods-6rDd3P ods-7KlglL ods-6MIfC2 ods-14pjkk ods-5IIKpe ods-6iOjmZ"
                        >
                          Choose a security question
                        </span>
                      </label>
                      <div
                        class="ods-mUkyrD"
                      >
                        <select
                          class="ods-1B2Zfy"
                          id="generated"
                          name="credentials.questionKey"
                        >
                          <option
                            value=""
                          />
                          <option
                            value="disliked_food"
                          >
                            What is the food you least liked as a child?
                          </option>
                          <option
                            value="name_of_first_plush_toy"
                          >
                            What is the name of your first stuffed animal?
                          </option>
                          <option
                            value="first_award"
                          >
                            What did you earn your first medal or award for?
                          </option>
                          <option
                            value="favorite_security_question"
                          >
                            What is your favorite security question?
                          </option>
                          <option
                            value="favorite_toy"
                          >
                            What is the toy/stuffed animal you liked the most as a kid?
                          </option>
                          <option
                            value="first_computer_game"
                          >
                            What was the first computer game you played?
                          </option>
                          <option
                            value="favorite_movie_quote"
                          >
                            What is your favorite movie quote?
                          </option>
                          <option
                            value="first_sports_team_mascot"
                          >
                            What was the mascot of the first sports team you played on?
                          </option>
                          <option
                            value="first_music_purchase"
                          >
                            What music album or song did you first purchase?
                          </option>
                          <option
                            value="favorite_art_piece"
                          >
                            What is your favorite piece of art?
                          </option>
                          <option
                            value="grandmother_favorite_desert"
                          >
                            What was your grandmother's favorite dessert?
                          </option>
                          <option
                            value="first_thing_cooked"
                          >
                            What was the first thing you learned to cook?
                          </option>
                          <option
                            value="childhood_dream_job"
                          >
                            What was your dream job as a child?
                          </option>
                          <option
                            value="place_where_significant_other_was_met"
                          >
                            Where did you meet your spouse/significant other?
                          </option>
                          <option
                            value="favorite_vacation_location"
                          >
                            Where did you go for your favorite vacation?
                          </option>
                          <option
                            value="new_years_two_thousand"
                          >
                            Where were you on New Year's Eve in the year 2000?
                          </option>
                          <option
                            value="favorite_speaker_actor"
                          >
                            Who is your favorite speaker/orator?
                          </option>
                          <option
                            value="favorite_book_movie_character"
                          >
                            Who is your favorite book/movie character?
                          </option>
                          <option
                            value="favorite_sports_player"
                          >
                            Who is your favorite sports player?
                          </option>
                        </select>
                        <span
                          class="ods-7mdg51"
                        >
                          <svg
                            class="ods-2icygl"
                            fill="none"
                            role="presentation"
                            viewBox="0 0 16 16"
                            xmlns="http://www.w3.org/2000/svg"
                          >
                            <path
                              clip-rule="evenodd"
                              d="M8 10.2929L12.6464 5.64645L13.3536 6.35355L8.35355 11.3536C8.15829 11.5488 7.84171 11.5488 7.64645 11.3536L2.64645 6.35355L3.35355 5.64645L8 10.2929Z"
                              fill="currentColor"
                              fill-rule="evenodd"
                            />
                          </svg>
                        </span>
                      </div>
                      
                    </div>
                  </div>
                </div>
                <div
                  class="ods-4o5zYQ ods-1OsrNt ods-2oc5SK ods-4XAbls ods-2NLKpK ods-1ll9ky ods-4IdjLs"
                >
                  <div
                    class="ods-4o5zYQ ods-2oc5SK ods-4XAbls ods-2NLKpK ods-1ll9ky ods-4IdjLs"
                  >
                    <div
                      class="ods-4o5zYQ ods-1OsrNt ods-2oc5SK ods-4XAbls ods-2NLKpK ods-1ll9ky ods-4IdjLs"
                    >
                      <div
                        class="ods-4o5zYQ ods-76eppy ods-2Se4oq ods-2oc5SK ods-4XAbls ods-2NLKpK ods-1ll9ky ods-4IdjLs ods-4zKnH2"
                      >
                        <label
                          class="ods-4o5zYQ ods-76eppy ods-5VQ9Rl ods-7KS5Kt ods-2oc5SK ods-4XAbls ods-2NLKpK ods-1ll9ky ods-4IdjLs ods-g8inGu"
                          for="generated"
                        >
                          <span
                            class="ods-4o5zYQ ods-nqMobL ods-5fvoER ods-6rDd3P ods-7KlglL ods-6MIfC2 ods-14pjkk ods-5IIKpe ods-6iOjmZ"
                          >
                            Answer
                          </span>
                        </label>
                        <div
                          class="ods-10aW0m"
                        >
                          <input
                            class="ods-7qBw9I"
                            data-se="credentials.answer"
                            id="generated"
                            name="credentials.answer"
                            type="password"
                          />
                        </div>
                        
                      </div>
                    </div>
                    <button
                      class="ods-4o5zYQ ods-2NLKpK ods-5E7TSu ods-4vGTAP"
                      data-se="show-password"
                      type="button"
                    >
                      <span
                        class="ods-IkfPY2"
                      >
                        Show Password
                      </span>
                    </button>
                  </div>
                </div>
                <div
                  class="ods-4o5zYQ ods-1OsrNt ods-2oc5SK ods-4XAbls ods-2NLKpK ods-1ll9ky ods-4IdjLs"
                >
                  <button
                    class="ods-4o5zYQ ods-2NLKpK ods-5E7TSu ods-6Tybtd"
                    data-se="#/properties/submit"
                    data-type="save"
                    type="submit"
                  >
                    <span
                      class="ods-IkfPY2"
                    >
                      Verify
                    </span>
                  </button>
                </div>
              </div>
              <div
                class="ods-4o5zYQ ods-1OsrNt ods-2oc5SK ods-4XAbls ods-2NLKpK ods-1ll9ky ods-4IdjLs"
              >
                <button
                  class="ods-4o5zYQ ods-2NLKpK ods-5E7TSu ods-3DL1tX"
                  data-se="switchAuthenticator"
                  type="button"
                >
                  <span
                    class="ods-IkfPY2"
                  >
                    Return to authenticator list
                  </span>
                </button>
              </div>
              <div
                class="ods-4o5zYQ ods-1OsrNt ods-2oc5SK ods-4XAbls ods-2NLKpK ods-1ll9ky ods-4IdjLs"
              >
                <button
                  class="ods-4o5zYQ ods-2NLKpK ods-5E7TSu ods-3DL1tX"
                  data-se="cancel"
                  type="button"
                >
                  <span
                    class="ods-IkfPY2"
                  >
                    Back to sign in
                  </span>
                </button>
              </div>
            </div>
          </form>
        </div>
      </div>
    </main>
  </span>
</div>
`;
