// Jest Snapshot v1, https://goo.gl/fbAQLP

exports[`authenticator-verification-security-question renders form 1`] = `
<div>
  <div
    class="MuiScopedCssBaseline-root emotion-0"
  >
    <span>
      <main
        class="auth-container main-container mainViewContainer MuiBox-root emotion-1"
        data-commit="b9bbc0140703c3fbf0e2e58920362e70"
        data-version="0.0.0"
        id="okta-sign-in"
      >
        <div
          class="siwContainer MuiBox-root emotion-2"
        >
          <div
            class="okta-sign-in-header auth-header siwHeader authCoinSpacing"
          >
            <h1
              class="MuiTypography-root MuiTypography-h1 emotion-3"
            />
            <div
              class="iconContainer mfa-okta-security-question authCoinOverlay MuiBox-root emotion-4"
            >
              <svg
                aria-labelledby="authCoinSecurityQuestionAuthenticator"
                fill="none"
                height="48"
                role="img"
                viewBox="0 0 48 48"
                width="48"
                xmlns="http://www.w3.org/2000/svg"
              >
                <title
                  id="authCoinSecurityQuestionAuthenticator"
                >
                  Security Question
                </title>
                <circle
                  class="siwFillBg"
                  cx="24"
                  cy="24"
                  fill="#F5F5F6"
                  r="24"
                />
                <path
                  class="siwFillSecondary"
                  d="m24.25 39.123-4.615-3.433a21.799 21.799 0 0 1-8.827-16.259l-.329-5.738 12.84-4.534a2.818 2.818 0 0 1 1.862 0l12.84 4.534-.329 5.738a21.8 21.8 0 0 1-8.827 16.259l-4.615 3.433ZM11.521 14.387l.285 4.987a20.811 20.811 0 0 0 8.425 15.514l4.019 2.989 4.019-2.989a20.81 20.81 0 0 0 8.425-15.514l.285-4.987L24.848 10.1a1.792 1.792 0 0 0-1.2 0l-12.127 4.287Z"
                  fill="#A7B5EC"
                />
                <path
                  class="siwFillPrimary"
                  d="M29.44 19.729a5.007 5.007 0 0 0-8.846-2.356 4.484 4.484 0 0 0-.827 4.385l.929-.367A3.48 3.48 0 0 1 21.369 18a4.027 4.027 0 1 1 5.244 5.972C25 25 23.5 26.252 23.5 28.528h1c0-1.691 1.058-2.7 2.646-3.707a5.067 5.067 0 0 0 2.294-5.092Zm-5.454 12.246a.75.75 0 1 0 0-1.5.75.75 0 0 0 0 1.5Z"
                  fill="#00297A"
                />
              </svg>
            </div>
          </div>
          <div
            class="MuiBox-root emotion-5"
          >
            <div
              class="identifier-container MuiBox-root emotion-6"
            >
              <div
                class="identifierContainer MuiBox-root emotion-7"
              >
                <span
                  class="userIconContainer MuiBox-root emotion-4"
                >
                  <svg
                    class="ods-2icygl"
                    fill="none"
                    role="presentation"
                    viewBox="0 0 16 16"
                    xmlns="http://www.w3.org/2000/svg"
                  >
                    <path
                      clip-rule="evenodd"
                      d="M10 3V5C10 6.10457 9.10457 7 8 7C6.89543 7 6 6.10457 6 5V3C6 1.89543 6.89543 1 8 1C9.10457 1 10 1.89543 10 3ZM5 3C5 1.34315 6.34315 0 8 0C9.65685 0 11 1.34315 11 3V5C11 6.65685 9.65685 8 8 8C6.34315 8 5 6.65685 5 5V3ZM4.1305 10.0742C4.26803 10.0181 4.459 10 5.41376 10H10.5862C11.541 10 11.732 10.0181 11.8695 10.0742C12.0299 10.1398 12.1706 10.2459 12.2777 10.3821C12.3695 10.4989 12.4393 10.6776 12.7016 11.5956L13.6743 15H2.32573L3.29841 11.5956C3.5607 10.6776 3.63054 10.4989 3.72233 10.3821C3.82941 10.2459 3.97006 10.1398 4.1305 10.0742ZM13.6631 11.3209L14.7143 15L15 16H13.96H2.04002H1L1.28571 15L2.33689 11.3209C2.57458 10.489 2.69343 10.073 2.93606 9.76423C3.15022 9.49171 3.43152 9.27953 3.75239 9.14848C4.11592 9 4.54854 9 5.41376 9H10.5862C11.4515 9 11.8841 9 12.2476 9.14848C12.5685 9.27953 12.8498 9.49171 13.0639 9.76423C13.3066 10.073 13.4254 10.489 13.6631 11.3209Z"
                      fill="currentColor"
                      fill-rule="evenodd"
                    />
                  </svg>
                </span>
                <span
                  class="identifier identifierSpan MuiBox-root emotion-4"
                  data-se="identifier"
                >
                  shaw.yu
                </span>
              </div>
            </div>
            <form
              class="o-form"
              data-se="form"
              novalidate=""
              style="max-width: 100%; word-break: break-word;"
            >
              <div
                class="MuiBox-root emotion-10"
              >
                <div
                  class="MuiBox-root emotion-11"
                >
                  <div
                    class="MuiBox-root emotion-12"
                  >
                    <h2
                      class="MuiTypography-root MuiTypography-h3 emotion-13"
                      data-se="o-form-head"
                    >
                      Verify with your Security Question
                    </h2>
                  </div>
                </div>
                <div
                  class="MuiBox-root emotion-11"
                >
                  <div
                    class="MuiBox-root emotion-4"
                  >
                    <div
                      class="MuiBox-root emotion-4"
                    >
                      <label
                        class="MuiInputLabel-root MuiFormLabel-root MuiFormLabel-colorPrimary emotion-17"
                        for="credentials.answer"
                      >
                        What is the food you least liked as a child?
                      </label>
                      <div
                        class="MuiOutlinedInput-root MuiInputBase-root MuiInputBase-colorPrimary MuiInputBase-fullWidth MuiInputBase-adornedEnd emotion-18"
                      >
                        <input
                          aria-invalid="false"
                          autocomplete="off"
                          class="MuiOutlinedInput-input MuiInputBase-input MuiInputBase-inputAdornedEnd emotion-19"
                          data-se="credentials.answer"
                          id="credentials.answer"
                          name="credentials.answer"
                          type="password"
                        />
                        <div
                          class="MuiInputAdornment-root MuiInputAdornment-positionEnd MuiInputAdornment-outlined emotion-20"
                        >
                          <button
                            aria-label="toggle password visibility"
                            class="MuiButtonBase-root MuiIconButton-root MuiIconButton-edgeEnd MuiIconButton-sizeMedium emotion-21"
                            data-mui-internal-clone-element="true"
                            tabindex="0"
                            type="button"
                          >
                            <svg
                              aria-hidden="true"
                              class="MuiSvgIcon-root MuiSvgIcon-fontSizeMedium emotion-22"
                              data-testid="VisibilityIcon"
                              focusable="false"
                              viewBox="0 0 24 24"
                            >
                              <path
                                d="M12 4.5C7 4.5 2.73 7.61 1 12c1.73 4.39 6 7.5 11 7.5s9.27-3.11 11-7.5c-1.73-4.39-6-7.5-11-7.5zM12 17c-2.76 0-5-2.24-5-5s2.24-5 5-5 5 2.24 5 5-2.24 5-5 5zm0-8c-1.66 0-3 1.34-3 3s1.34 3 3 3 3-1.34 3-3-1.34-3-3-3z"
                              />
                            </svg>
                          </button>
                        </div>
                        <fieldset
                          aria-hidden="true"
                          class="MuiOutlinedInput-notchedOutline emotion-23"
                        >
                          <legend
                            class="emotion-24"
                          >
                            <span
                              class="notranslate"
                            >
                              â€‹
                            </span>
                          </legend>
                        </fieldset>
                      </div>
                    </div>
                  </div>
                </div>
                <div
                  class="MuiBox-root emotion-11"
                >
                  <button
                    class="MuiButton-root MuiButton-primary MuiButton-primaryPrimary MuiButton-sizeMedium MuiButton-primarySizeMedium MuiButton-disableElevation MuiButton-fullWidth MuiButtonBase-root  emotion-26"
                    data-type="save"
                    tabindex="0"
                    type="submit"
                  >
                    Verify
                  </button>
                </div>
                <div
                  class="MuiBox-root emotion-11"
                >
                  <a
                    class="MuiTypography-root MuiTypography-inherit MuiLink-root MuiLink-underlineAlways emotion-28"
                    data-se="cancel"
                    href="javascript:void(0)"
                  >
                    Back to sign in
                  </a>
                </div>
              </div>
            </form>
          </div>
        </div>
      </main>
    </span>
  </div>
</div>
`;
