// Jest Snapshot v1, https://goo.gl/fbAQLP

exports[`enroll-profile should render form 1`] = `
<div>
  <span>
    <main
      class="auth-container main-container mainViewContainer MuiBox-root emotion-0"
      id="okta-sign-in"
    >
      <div
        class="siwContainer MuiBox-root emotion-1"
      >
        <div
          class="okta-sign-in-header auth-header siwHeader"
        >
          <h1
            class="MuiTypography-root MuiTypography-h1 emotion-2"
          />
        </div>
        <div
          class="MuiBox-root emotion-3"
        >
          <form
            class="o-form"
            data-se="form"
            novalidate=""
          >
            <div
              class="MuiBox-root emotion-4"
            >
              <div
                class="MuiBox-root emotion-5"
              >
                <div
                  class="MuiBox-root emotion-6"
                >
                  <h2
                    class="MuiTypography-root MuiTypography-h3 emotion-7"
                  >
                    Sign up
                  </h2>
                </div>
              </div>
              <div
                class="MuiBox-root emotion-5"
              >
                <div
                  class="MuiBox-root emotion-9"
                >
                  <label
                    class="MuiInputLabel-root MuiInputLabel-animated MuiFormLabel-root MuiFormLabel-colorPrimary emotion-10"
                    for="userProfile.firstName"
                  >
                    First name
                  </label>
                  <div
                    class="MuiOutlinedInput-root MuiInputBase-root MuiInputBase-colorPrimary MuiInputBase-fullWidth emotion-11"
                  >
                    <input
                      aria-invalid="false"
                      autocomplete="given-name"
                      class="MuiOutlinedInput-input MuiInputBase-input emotion-12"
                      data-se="userProfile.firstName"
                      id="userProfile.firstName"
                      name="userProfile.firstName"
                      type="text"
                    />
                    <fieldset
                      aria-hidden="true"
                      class="MuiOutlinedInput-notchedOutline emotion-13"
                    >
                      <legend
                        class="emotion-14"
                      >
                        <span
                          class="notranslate"
                        >
                          ​
                        </span>
                      </legend>
                    </fieldset>
                  </div>
                </div>
              </div>
              <div
                class="MuiBox-root emotion-5"
              >
                <div
                  class="MuiBox-root emotion-9"
                >
                  <label
                    class="MuiInputLabel-root MuiInputLabel-animated MuiFormLabel-root MuiFormLabel-colorPrimary emotion-10"
                    for="userProfile.lastName"
                  >
                    Last name
                  </label>
                  <div
                    class="MuiOutlinedInput-root MuiInputBase-root MuiInputBase-colorPrimary MuiInputBase-fullWidth emotion-11"
                  >
                    <input
                      aria-invalid="false"
                      autocomplete="family-name"
                      class="MuiOutlinedInput-input MuiInputBase-input emotion-12"
                      data-se="userProfile.lastName"
                      id="userProfile.lastName"
                      name="userProfile.lastName"
                      type="text"
                    />
                    <fieldset
                      aria-hidden="true"
                      class="MuiOutlinedInput-notchedOutline emotion-13"
                    >
                      <legend
                        class="emotion-14"
                      >
                        <span
                          class="notranslate"
                        >
                          ​
                        </span>
                      </legend>
                    </fieldset>
                  </div>
                </div>
              </div>
              <div
                class="MuiBox-root emotion-5"
              >
                <div
                  class="MuiBox-root emotion-9"
                >
                  <label
                    class="MuiInputLabel-root MuiInputLabel-animated MuiFormLabel-root MuiFormLabel-colorPrimary emotion-10"
                    for="userProfile.email"
                  >
                    Email
                  </label>
                  <div
                    class="MuiOutlinedInput-root MuiInputBase-root MuiInputBase-colorPrimary MuiInputBase-fullWidth emotion-11"
                  >
                    <input
                      aria-invalid="false"
                      autocomplete="email"
                      class="MuiOutlinedInput-input MuiInputBase-input emotion-12"
                      data-se="userProfile.email"
                      id="userProfile.email"
                      name="userProfile.email"
                      type="text"
                    />
                    <fieldset
                      aria-hidden="true"
                      class="MuiOutlinedInput-notchedOutline emotion-13"
                    >
                      <legend
                        class="emotion-14"
                      >
                        <span
                          class="notranslate"
                        >
                          ​
                        </span>
                      </legend>
                    </fieldset>
                  </div>
                </div>
              </div>
              <div
                class="MuiBox-root emotion-5"
              >
                <button
                  class="MuiButton-root MuiButton-primary MuiButton-primaryPrimary MuiButton-sizeMedium MuiButton-primarySizeMedium MuiButton-disableElevation MuiButton-fullWidth MuiButtonBase-root  emotion-30"
                  data-type="save"
                  tabindex="0"
                  type="submit"
                >
                  Sign Up
                </button>
              </div>
              <div
                class="MuiBox-root emotion-5"
              >
                <button
                  class="MuiButton-root MuiButton-floating MuiButton-floatingPrimary MuiButton-sizeMedium MuiButton-floatingSizeMedium MuiButton-disableElevation MuiButtonBase-root  emotion-32"
                  data-se="back"
                  tabindex="0"
                  type="button"
                >
                  Already have an account?
                </button>
              </div>
            </div>
          </form>
        </div>
      </div>
    </main>
  </span>
</div>
`;
