// Jest Snapshot v1, https://goo.gl/fbAQLP

exports[`error-recovery-token-invalid should render form 1`] = `
<div>
  <span>
    <main
      class="ods-4o5zYQ ods-76eppy ods-66Tc65 ods-6lar65 ods-2oc5SK ods-4XAbls ods-2NLKpK ods-1ll9ky ods-4IdjLs auth-container main-container mainViewContainer"
    >
      <div
        class="ods-4o5zYQ ods-2Se4oq ods-2VFzyK ods-1qUaxm ods-1oujX1 ods-78Q1Pv ods-3x5mmc ods-7mcS6o ods-7lpPkQ ods-2oc5SK ods-4XAbls ods-2NLKpK ods-1ll9ky ods-4IdjLs siwContainer"
      >
        <div
          class="okta-sign-in-header auth-header siwHeader"
        >
          <h1
            class="ods-4o5zYQ ods-2NLKpK ods-5ZKJUt"
          />
        </div>
        <div
          class="ods-4o5zYQ ods-76eppy ods-2Se4oq ods-7kea9D ods-2famef ods-1qUaxm ods-1oujX1 ods-2i2wfv ods-2oc5SK ods-4XAbls ods-2NLKpK ods-1ll9ky ods-4IdjLs"
        >
          <form
            novalidate=""
          >
            <div
              class="ods-4o5zYQ ods-76eppy ods-2Se4oq ods-2oc5SK ods-4XAbls ods-2NLKpK ods-1ll9ky ods-4IdjLs"
            >
              <div
                class="ods-4o5zYQ ods-1OsrNt ods-2oc5SK ods-4XAbls ods-2NLKpK ods-1ll9ky ods-4IdjLs"
              >
                <div
                  class="ods-4o5zYQ ods-1qUaxm ods-1OsrNt ods-2oc5SK ods-4XAbls ods-2NLKpK ods-1ll9ky ods-4IdjLs"
                >
                  <div
                    class="ods-4o5zYQ ods-2oc5SK ods-4XAbls ods-2NLKpK ods-1ll9ky ods-4IdjLs ods-Ti6YRS ods-1142UN"
                    role="status"
                  >
                    <span
                      class="ods-4hqPxo"
                    >
                      <svg
                        class="ods-2icygl"
                        fill="none"
                        role="presentation"
                        viewBox="0 0 16 16"
                        xmlns="http://www.w3.org/2000/svg"
                      >
                        <path
                          clip-rule="evenodd"
                          d="M16 8C16 12.4183 12.4183 16 8 16C3.58172 16 0 12.4183 0 8C0 3.58172 3.58172 0 8 0C12.4183 0 16 3.58172 16 8ZM8 9C7.72386 9 7.5 8.77614 7.5 8.5L7.5 4H8.5V8.5C8.5 8.77614 8.27614 9 8 9ZM8 12C8.14834 12 8.29334 11.956 8.41668 11.8736C8.54001 11.7912 8.63614 11.6741 8.69291 11.537C8.74968 11.4 8.76453 11.2492 8.73559 11.1037C8.70665 10.9582 8.63522 10.8246 8.53033 10.7197C8.42544 10.6148 8.2918 10.5434 8.14632 10.5144C8.00083 10.4855 7.85003 10.5003 7.71299 10.5571C7.57594 10.6139 7.45881 10.71 7.3764 10.8333C7.29399 10.9567 7.25 11.1017 7.25 11.25C7.25 11.4489 7.32902 11.6397 7.46967 11.7803C7.61032 11.921 7.80109 12 8 12Z"
                          fill="currentColor"
                          fill-rule="evenodd"
                        />
                      </svg>
                    </span>
                    <section
                      class="ods-4ed8m8"
                    >
                      <span
                        class="ods-4o5zYQ ods-nqMobL ods-5fvoER ods-6BF3N5 ods-7KlglL ods-6MIfC2 ods-14pjkk ods-5IIKpe ods-6iOjmZ"
                      >
                        The recovery token is invalid.
                      </span>
                    </section>
                  </div>
                </div>
              </div>
            </div>
          </form>
        </div>
      </div>
    </main>
  </span>
</div>
`;
