// Jest Snapshot v1, https://goo.gl/fbAQLP

exports[`error-session-expired should render form 1`] = `
<div>
  <span>
    <main
      class="ods-4o5zYQ ods-76eppy ods-66Tc65 ods-6lar65 ods-2oc5SK ods-4XAbls ods-2NLKpK ods-1ll9ky ods-4IdjLs auth-container main-container mainViewContainer"
      id="okta-sign-in"
    >
      <div
        class="ods-4o5zYQ ods-2Se4oq ods-2VFzyK ods-1qUaxm ods-1oujX1 ods-78Q1Pv ods-3x5mmc ods-7mcS6o ods-7lpPkQ ods-2oc5SK ods-4XAbls ods-2NLKpK ods-1ll9ky ods-4IdjLs siwContainer"
      >
        <div
          class="okta-sign-in-header auth-header siwHeader"
        >
          <h1
            class="MuiTypography-root MuiTypography-h1 emotion-0"
          />
        </div>
        <div
          class="MuiBox-root emotion-1"
        >
          <form
            class="o-form"
            data-se="form"
            novalidate=""
          >
            <div
              class="MuiBox-root emotion-2"
            >
              <div
                class="MuiBox-root emotion-3"
              >
                <div
                  class="MuiBox-root emotion-4"
                >
                  <div
                    class="MuiPaper-root MuiPaper-elevation MuiPaper-rounded MuiPaper-elevation0 MuiAlert-root MuiAlert-infoboxError MuiAlert-infobox emotion-5"
                    role="alert"
                  >
                    <div
                      class="MuiAlert-icon emotion-6"
                    >
                      <svg
                        aria-hidden="true"
                        class="MuiSvgIcon-root MuiSvgIcon-fontSizeInherit emotion-7"
                        data-testid="ErrorOutlineIcon"
                        focusable="false"
                        viewBox="0 0 24 24"
                      >
                        <path
                          d="M11 15h2v2h-2zm0-8h2v6h-2zm.99-5C6.47 2 2 6.48 2 12s4.47 10 9.99 10C17.52 22 22 17.52 22 12S17.52 2 11.99 2zM12 20c-4.42 0-8-3.58-8-8s3.58-8 8-8 8 3.58 8 8-3.58 8-8 8z"
                        />
                      </svg>
                    </div>
                    <div
                      class="MuiAlert-message emotion-8"
                    >
                      You have been logged out due to inactivity. Refresh or return to the sign in screen.
                    </div>
                  </div>
                </div>
              </div>
              <div
                class="MuiBox-root emotion-3"
              >
                <div
                  class="MuiBox-root emotion-10"
                >
                  <a
                    class="MuiTypography-root MuiTypography-inherit MuiLink-root MuiLink-underlineAlways emotion-11"
                    href="/"
                  >
                    Back to sign in
                  </a>
                </div>
              </div>
            </div>
          </form>
        </div>
      </div>
    </main>
  </span>
</div>
`;
