// Jest Snapshot v1, https://goo.gl/fbAQLP

exports[`error-account-creation should render form 1`] = `
<div>
  <span>
    <main
      class="auth-container main-container mainViewContainer MuiBox-root emotion-0"
      id="okta-sign-in"
    >
      <div
        class="siwContainer MuiBox-root emotion-1"
      >
        <div
          class="okta-sign-in-header auth-header siwHeader"
        >
          <h1
            class="MuiTypography-root MuiTypography-h1 emotion-2"
          />
        </div>
        <div
          class="MuiBox-root emotion-3"
        >
          <form
            class="o-form"
            data-se="form"
            novalidate=""
          >
            <div
              class="MuiBox-root emotion-4"
            >
              <div
                class="MuiBox-root emotion-5"
              >
                <div
                  class="MuiBox-root emotion-6"
                >
                  <div
                    class="MuiPaper-root MuiPaper-elevation MuiPaper-rounded MuiPaper-elevation0 MuiAlert-root MuiAlert-infoboxError MuiAlert-infobox emotion-7"
                    role="alert"
                  >
                    <div
                      class="MuiAlert-icon emotion-8"
                    >
                      <svg
                        aria-hidden="true"
                        class="MuiSvgIcon-root MuiSvgIcon-fontSizeInherit emotion-9"
                        data-testid="ErrorOutlineIcon"
                        focusable="false"
                        viewBox="0 0 24 24"
                      >
                        <path
                          d="M11,9H13V7H11M12,20C7.59,20 4,16.41 4,12C4,7.59 7.59,4 12,4C16.41,4 20,7.59 20, 12C20,16.41 16.41,20 12,20M12,2A10,10 0 0,0 2,12A10,10 0 0,0 12,22A10,10 0 0,0 22,12A10, 10 0 0,0 12,2M11,17H13V11H11V17Z"
                        />
                      </svg>
                    </div>
                    <div
                      class="MuiAlert-message emotion-10"
                    >
                      There was an error creating your account. Please try registering again.
                    </div>
                  </div>
                </div>
              </div>
              <div
                class="MuiBox-root emotion-5"
              >
                <div
                  class="MuiBox-root emotion-12"
                >
                  <a
                    class="MuiTypography-root MuiTypography-inherit MuiLink-root MuiLink-underlineAlways emotion-13"
                    href="/"
                  >
                    Back to sign in
                  </a>
                </div>
              </div>
            </div>
          </form>
        </div>
      </div>
    </main>
  </span>
</div>
`;
