// Jest Snapshot v1, https://goo.gl/fbAQLP

exports[`identify-with-password renders form 1`] = `
<div>
  <span>
    <main
      class="ods-4o5zYQ ods-76eppy ods-66Tc65 ods-6lar65 ods-2oc5SK ods-4XAbls ods-2NLKpK ods-1ll9ky ods-4IdjLs auth-container main-container mainViewContainer"
    >
      <div
        class="ods-4o5zYQ ods-2Se4oq ods-2VFzyK ods-1qUaxm ods-1oujX1 ods-78Q1Pv ods-3x5mmc ods-7mcS6o ods-7lpPkQ ods-2oc5SK ods-4XAbls ods-2NLKpK ods-1ll9ky ods-4IdjLs siwContainer"
      >
        <div
          class="okta-sign-in-header auth-header siwHeader"
        >
          <h1
            class="MuiTypography-root MuiTypography-h1 emotion-0"
          />
        </div>
        <div
          class="MuiBox-root emotion-1"
        >
          <form
            novalidate=""
          >
            <div
              class="MuiBox-root emotion-2"
            >
              <div
                class="MuiBox-root emotion-3"
              >
                <div
                  class="MuiBox-root emotion-4"
                >
                  <h2
                    class="MuiTypography-root MuiTypography-h3 emotion-5"
                  >
                    Sign In
                  </h2>
                </div>
              </div>
              <div
                class="MuiBox-root emotion-3"
              >
                <div
                  class="MuiBox-root emotion-7"
                >
                  <label
                    class="MuiInputLabel-root MuiInputLabel-animated MuiFormLabel-root MuiFormLabel-colorPrimary emotion-8"
                    for="identifier"
                  >
                    Username
                  </label>
                  <div
                    class="MuiOutlinedInput-root MuiInputBase-root MuiInputBase-colorPrimary MuiInputBase-fullWidth emotion-9"
                  >
                    <input
                      aria-invalid="false"
                      autocomplete="username"
                      class="MuiOutlinedInput-input MuiInputBase-input emotion-10"
                      data-se="identifier"
                      id="identifier"
                      name="identifier"
                      type="text"
                    />
                    <fieldset
                      aria-hidden="true"
                      class="MuiOutlinedInput-notchedOutline emotion-11"
                    >
                      <legend
                        class="emotion-12"
                      >
                        <span
                          class="notranslate"
                        >
                          ​
                        </span>
                      </legend>
                    </fieldset>
                  </div>
                  
                </div>
              </div>
              <div
                class="MuiBox-root emotion-3"
              >
                <div
                  class="MuiBox-root emotion-7"
                >
                  <label
                    class="MuiInputLabel-root MuiInputLabel-animated MuiFormLabel-root MuiFormLabel-colorPrimary emotion-8"
                    for="credentials.passcode"
                  >
                    Password
                  </label>
                  <div
                    class="MuiOutlinedInput-root MuiInputBase-root MuiInputBase-colorPrimary MuiInputBase-fullWidth MuiInputBase-adornedEnd emotion-16"
                    helpertext=""
                  >
                    <input
                      aria-invalid="false"
                      autocomplete="current-password"
                      class="MuiOutlinedInput-input MuiInputBase-input MuiInputBase-inputAdornedEnd emotion-17"
                      data-se="credentials.passcode"
                      id="credentials.passcode"
                      name="credentials.passcode"
                      type="password"
                    />
                    <div
                      class="MuiInputAdornment-root MuiInputAdornment-positionEnd emotion-18"
                    >
                      <button
                        aria-label="toggle password visibility"
                        class="MuiButtonBase-root MuiIconButton-root MuiIconButton-edgeEnd MuiIconButton-sizeMedium emotion-19"
                        data-mui-internal-clone-element="true"
                        tabindex="0"
                        type="button"
                      >
                        <svg
                          aria-hidden="true"
                          class="MuiSvgIcon-root MuiSvgIcon-fontSizeMedium emotion-20"
                          data-testid="VisibilityIcon"
                          focusable="false"
                          viewBox="0 0 24 24"
                        >
                          <path
                            d="M12 4.5C7 4.5 2.73 7.61 1 12c1.73 4.39 6 7.5 11 7.5s9.27-3.11 11-7.5c-1.73-4.39-6-7.5-11-7.5zM12 17c-2.76 0-5-2.24-5-5s2.24-5 5-5 5 2.24 5 5-2.24 5-5 5zm0-8c-1.66 0-3 1.34-3 3s1.34 3 3 3 3-1.34 3-3-1.34-3-3-3z"
                          />
                        </svg>
                      </button>
                    </div>
                    <fieldset
                      aria-hidden="true"
                      class="MuiOutlinedInput-notchedOutline emotion-11"
                    >
                      <legend
                        class="emotion-12"
                      >
                        <span
                          class="notranslate"
                        >
                          ​
                        </span>
                      </legend>
                    </fieldset>
                  </div>
                </div>
              </div>
              <div
                class="MuiBox-root emotion-3"
              >
                <label
                  class="MuiFormControlLabel-root MuiFormControlLabel-labelPlacementEnd emotion-24"
                >
                  <span
                    class="MuiCheckbox-root MuiCheckbox-colorPrimary MuiButtonBase-root MuiCheckbox-root MuiCheckbox-colorPrimary PrivateSwitchBase-root emotion-25"
                  >
                    <input
                      class="PrivateSwitchBase-input emotion-26"
                      data-se="rememberMe"
                      id="rememberMe"
                      name="rememberMe"
                      type="checkbox"
                    />
                    <svg
                      aria-hidden="true"
                      class="MuiSvgIcon-root MuiSvgIcon-fontSizeMedium emotion-20"
                      data-testid="CheckBoxOutlineBlankIcon"
                      focusable="false"
                      viewBox="0 0 24 24"
                    >
                      <path
                        d="M19 5v14H5V5h14m0-2H5c-1.1 0-2 .9-2 2v14c0 1.1.9 2 2 2h14c1.1 0 2-.9 2-2V5c0-1.1-.9-2-2-2z"
                      />
                    </svg>
                  </span>
                  <span
                    class="MuiTypography-root MuiTypography-body1 MuiFormControlLabel-label emotion-28"
                  >
                    Remember this device
                  </span>
                </label>
              </div>
              <div
                class="MuiBox-root emotion-3"
              >
                <button
                  class="MuiButton-root MuiButton-primary MuiButton-primaryPrimary MuiButton-sizeMedium MuiButton-primarySizeMedium MuiButton-disableElevation MuiButton-fullWidth MuiButtonBase-root  emotion-30"
                  data-se="#/properties/submit"
                  tabindex="0"
                  type="submit"
                >
                  Sign in
                </button>
              </div>
              <div
                class="MuiBox-root emotion-3"
              >
                <button
                  class="MuiButton-root MuiButton-floating MuiButton-floatingPrimary MuiButton-sizeMedium MuiButton-floatingSizeMedium MuiButton-disableElevation MuiButtonBase-root  emotion-32"
                  data-se="forgot-password"
                  tabindex="0"
                  type="button"
                >
                  Forgot password?
                </button>
              </div>
              <div
                class="MuiBox-root emotion-3"
              >
                <button
                  class="MuiButton-root MuiButton-floating MuiButton-floatingPrimary MuiButton-sizeMedium MuiButton-floatingSizeMedium MuiButton-disableElevation MuiButtonBase-root  emotion-32"
                  data-se="enroll"
                  tabindex="0"
                  type="button"
                >
                  Register
                </button>
              </div>
            </div>
          </form>
        </div>
      </div>
    </main>
  </span>
</div>
`;
