// Jest Snapshot v1, https://goo.gl/fbAQLP

exports[`terminal-return-email-error should render form 1`] = `
<div>
  <div
    class="MuiScopedCssBaseline-root emotion-0"
  >
    <span>
      <main
        class="auth-container main-container mainViewContainer MuiBox-root emotion-1"
        data-commit="b9bbc0140703c3fbf0e2e58920362e70"
        data-version="0.0.0"
        id="okta-sign-in"
      >
        <div
          class="siwContainer MuiBox-root emotion-2"
        >
          <div
            class="okta-sign-in-header auth-header siwHeader authCoinSpacing"
          >
            <h1
              class="MuiTypography-root MuiTypography-h1 emotion-3"
            />
            <div
              class="iconContainer mfa-okta-email authCoinOverlay MuiBox-root emotion-4"
            >
              <svg
                aria-labelledby="emailAuthenticator"
                fill="none"
                height="48"
                role="img"
                viewBox="0 0 48 48"
                width="48"
                xmlns="http://www.w3.org/2000/svg"
              >
                <title
                  id="emailAuthenticator"
                >
                  Email Authentication
                </title>
                <circle
                  class="siwFillBg"
                  cx="24"
                  cy="24"
                  fill="#F5F5F6"
                  r="24"
                />
                <path
                  class="siwFillSecondary"
                  d="M32 18v1h5.3L32 24.29v1.42l6-6.01v12.8a1.5 1.5 0 0 1-1.5 1.5h-17a1.5 1.5 0 0 1-1.5-1.5V31h-1v1.5a2.5 2.5 0 0 0 2.5 2.5h17a2.5 2.5 0 0 0 2.5-2.5V18h-7Z"
                  fill="#A7B5EC"
                />
                <path
                  class="siwFillPrimary"
                  d="M9 13v14.5a2.5 2.5 0 0 0 2.5 2.5h17a2.5 2.5 0 0 0 2.5-2.5V13H9Zm20.293 1-8.81 8.81L10.794 14h18.499ZM28.5 29h-17a1.5 1.5 0 0 1-1.5-1.5V14.63l10.517 9.56L30 14.707V27.5a1.5 1.5 0 0 1-1.5 1.5Z"
                  fill="#00297A"
                />
              </svg>
            </div>
          </div>
          <div
            class="MuiBox-root emotion-5"
          >
            <form
              class="o-form"
              data-se="form"
              novalidate=""
              style="max-width: 100%;"
            >
              <div
                class="MuiBox-root emotion-6"
              >
                <div
                  class="MuiBox-root emotion-7"
                >
                  <div
                    class="MuiBox-root emotion-8"
                    data-se="message"
                  >
                    <div
                      class="MuiPaper-root MuiPaper-elevation MuiPaper-rounded MuiPaper-elevation0 MuiAlert-root MuiAlert-infoboxError MuiAlert-infobox emotion-9"
                      data-se="infobox-error"
                      role="alert"
                    >
                      <div
                        class="MuiAlert-icon emotion-10"
                      >
                        <svg
                          aria-hidden="true"
                          class="MuiSvgIcon-root MuiSvgIcon-fontSizeInherit emotion-11"
                          data-testid="ErrorOutlineIcon"
                          focusable="false"
                          viewBox="0 0 24 24"
                        >
                          <path
                            d="M11 15h2v2h-2zm0-8h2v6h-2zm.99-5C6.47 2 2 6.48 2 12s4.47 10 9.99 10C17.52 22 22 17.52 22 12S17.52 2 11.99 2zM12 20c-4.42 0-8-3.58-8-8s3.58-8 8-8 8 3.58 8 8-3.58 8-8 8z"
                          />
                        </svg>
                      </div>
                      <div
                        class="MuiAlert-message emotion-12"
                      >
                        Could not process this email link. Return to the screen where you requested it.
                      </div>
                    </div>
                  </div>
                </div>
                <div
                  class="MuiBox-root emotion-7"
                >
                  <a
                    class="MuiTypography-root MuiTypography-inherit MuiLink-root MuiLink-underlineAlways emotion-14"
                    href="/"
                  >
                    Back to sign in
                  </a>
                </div>
              </div>
            </form>
          </div>
        </div>
      </main>
    </span>
  </div>
</div>
`;
