// Jest Snapshot v1, https://goo.gl/fbAQLP

exports[`SecurityQuestionVerify Tests should create security question verify UI elements 1`] = `
Object {
  "data": Object {},
  "dataSchema": Object {},
  "schema": Object {},
  "uischema": Object {
    "elements": Array [
      Object {
        "options": Object {
          "content": "oie.security.question.challenge.title",
        },
        "type": "Title",
      },
      Object {
        "label": "What is love?",
        "name": "credentials.answer",
        "options": Object {
          "inputMeta": Object {
            "name": "credentials.answer",
            "secret": true,
          },
        },
        "type": "Control",
      },
      Object {
        "label": "oform.verify",
        "options": Object {
          "type": "submit",
        },
        "scope": "#/properties/submit",
        "type": "Button",
      },
    ],
    "type": "VerticalLayout",
  },
}
`;

exports[`SecurityQuestionVerify Tests should create security question verify UI elements for custom question 1`] = `
Object {
  "data": Object {},
  "dataSchema": Object {},
  "schema": Object {},
  "uischema": Object {
    "elements": Array [
      Object {
        "options": Object {
          "content": "oie.security.question.challenge.title",
        },
        "type": "Title",
      },
      Object {
        "label": "What is love?",
        "name": "credentials.answer",
        "options": Object {
          "inputMeta": Object {
            "name": "credentials.answer",
            "secret": true,
          },
        },
        "type": "Control",
      },
      Object {
        "label": "oform.verify",
        "options": Object {
          "type": "submit",
        },
        "scope": "#/properties/submit",
        "type": "Button",
      },
    ],
    "type": "VerticalLayout",
  },
}
`;
