// Jest Snapshot v1, https://goo.gl/fbAQLP

exports[`SecurityQuestionEnroll Tests should create security question enrollment UI elements 1`] = `
Object {
  "data": Object {
    "credentials.questionKey": "eternal",
  },
  "dataSchema": Object {},
  "schema": Object {},
  "uischema": Object {
    "elements": Array [
      Object {
        "elements": Array [
          Object {
            "elements": Array [
              Object {
                "options": Object {
                  "content": "oie.security.question.enroll.title",
                },
                "type": "Title",
              },
              Object {
                "options": Object {
                  "customOptions": Array [
                    Object {
                      "label": "oie.security.question.questionKey.label",
                      "value": "predefined",
                    },
                    Object {
                      "key": "credentials.questionKey",
                      "label": "oie.security.question.createQuestion.label",
                      "value": "custom",
                    },
                  ],
                  "defaultOption": "predefined",
                  "name": "questionType",
                },
                "type": "StepperRadio",
              },
              Object {
                "label": "oie.security.question.questionKey.label",
                "name": "credentials.questionKey",
                "options": Object {
                  "customOptions": Array [
                    Object {
                      "label": "What is love?",
                      "value": "eternal",
                    },
                  ],
                  "format": "dropdown",
                  "inputMeta": Object {
                    "name": "credentials.questionKey",
                  },
                },
                "type": "Control",
              },
              Object {
                "label": "Answer",
                "name": "credentials.answer",
                "options": Object {
                  "inputMeta": Object {
                    "label": "Answer",
                    "name": "credentials.answer",
                    "secret": true,
                  },
                },
                "type": "Control",
              },
              Object {
                "label": "mfa.challenge.verify",
                "options": Object {
                  "dataType": "save",
                  "type": "submit",
                },
                "scope": "#/properties/submit",
                "type": "Button",
              },
            ],
            "type": "VerticalLayout",
          },
          Object {
            "elements": Array [
              Object {
                "options": Object {
                  "content": "oie.security.question.enroll.title",
                },
                "type": "Title",
              },
              Object {
                "options": Object {
                  "customOptions": Array [
                    Object {
                      "label": "oie.security.question.questionKey.label",
                      "value": "predefined",
                    },
                    Object {
                      "key": "credentials.questionKey",
                      "label": "oie.security.question.createQuestion.label",
                      "value": "custom",
                    },
                  ],
                  "defaultOption": "predefined",
                  "name": "questionType",
                },
                "type": "StepperRadio",
              },
              Object {
                "label": "oie.security.question.createQuestion.label",
                "name": "credentials.question",
                "options": Object {
                  "inputMeta": Object {
                    "name": "credentials.question",
                  },
                  "type": "string",
                },
                "type": "Control",
              },
              Object {
                "label": "Answer",
                "name": "credentials.answer",
                "options": Object {
                  "inputMeta": Object {
                    "label": "Answer",
                    "name": "credentials.answer",
                    "secret": true,
                  },
                },
                "type": "Control",
              },
              Object {
                "label": "mfa.challenge.verify",
                "options": Object {
                  "actionParams": Object {
                    "credentials.questionKey": "custom",
                  },
                  "dataType": "save",
                  "type": "submit",
                },
                "scope": "#/properties/submit",
                "type": "Button",
              },
            ],
            "type": "VerticalLayout",
          },
        ],
        "type": "Stepper",
      },
    ],
    "type": "VerticalLayout",
  },
}
`;
